// Jest Snapshot v1, https://goo.gl/fbAQLP

exports[`<Button /> should render correctly 1`] = `
<div
  class="question"
>
  <p>
    anything
  </p>
  <footer>
    <div
      class="user-info"
    >
      <img
        alt=""
        src=""
      />
      <span />
    </div>
    <div />
  </footer>
</div>
`;
